Microchip MPLAB XC8 Compiler V2.41

Linker command line:

-W-3 \
  --edf=C:/Program Files/Microchip/MPLABX/v6.15/packs/Microchip/PIC18Fxxxx_DFP/1.4.151/xc8\pic\dat\20230323171731_en.msgs \
  -cn -h+dist/default/debug\Project_One.debug.sym \
  --cmf=dist/default/debug\Project_One.debug.cmf -z -Q18F4620 \
  -oC:\Users\DELL\AppData\Local\Temp\xcAse4g.\driver_tmp_3.o \
  --defsym=__MPLAB_BUILD=1 --fixupoverflow=error \
  -Mdist/default/debug/Project_One.debug.map \
  --md=C:\Users\DELL\AppData\Local\Temp\xcAse4g.\driver_tmp_0.dat -E1 \
  -ver=XC8 Compiler --acfsm=1493 -ACODE=00h-0FFFFh -ACONST=00h-0FFFFh \
  -ASMALLCONST=01000h-010FFhx240 -AMEDIUMCONST=01000h-0FFFFh \
  -ACOMRAM=01h-07Fh -AABS1=00h-0F7Fh -ABIGRAM=01h-0F7Fh \
  -ARAM=080h-0FFh,0100h-01FFhx14,0F00h-0F7Fh -ABANK0=080h-0FFh \
  -ABANK1=0100h-01FFh -ABANK2=0200h-02FFh -ABANK3=0300h-03FFh \
  -ABANK4=0400h-04FFh -ABANK5=0500h-05FFh -ABANK6=0600h-06FFh \
  -ABANK7=0700h-07FFh -ABANK8=0800h-08FFh -ABANK9=0900h-09FFh \
  -ABANK10=0A00h-0AFFh -ABANK11=0B00h-0BFFh -ABANK12=0C00h-0CFFh \
  -ABANK13=0D00h-0DFFh -ABANK14=0E00h-0EFFh -ABANK15=0F00h-0F7Fh \
  -ASFR=0F80h-0FFFh -ABIGSFR=0F80h-0FFFh -ACONFIG=0300000h-030000Dh \
  -AIDLOC=0200000h-0200007h -AEEDATA=0F00000h-0F003FFh -peeprom_data=EEDATA \
  -preset_vec=00h,intcode=08h,intcodelo,powerup,init -pramtop=01000h \
  -psmallconst=SMALLCONST -pmediumconst=MEDIUMCONST -pconst=CONST \
  -AFARRAM=00h-00h \
  -prdata=COMRAM,nvrram=COMRAM,nvbit=COMRAM,rbss=COMRAM,rbit=COMRAM \
  -pfarbss=FARRAM,fardata=FARRAM,nvFARRAM=FARRAM \
  -pintsave_regs=BIGRAM,bigbss=BIGRAM,bigdata=BIGRAM -pbss=RAM \
  -pidata=CODE,irdata=CODE,ibigdata=CODE,ifardata=CODE -prparam=COMRAM \
  C:\Users\DELL\AppData\Local\Temp\xcAse4g.\driver_tmp_9.o \
  dist/default/debug\Project_One.debug.o 

Object code version is 3.11

Machine type is 18F4620



                Name                               Link     Load   Length Selector   Space Scale
C:\Users\DELL\AppData\Local\Temp\xcAse4g.\driver_tmp_9.o
                config                           300000   300000        E        0       4
                init                                  E        E        4        4       0
                reset_vec                             0        0        4        0       0
dist/default/debug\Project_One.debug.o
                intcode                               8        8        6        4       0
                config                           300000   300000        E        0       4
                temp                                 7C       7C        1        1       1
                smallconst                         1000     1000        8      800       0
                text23                             1B46     1B46        4      804       0
                text22                             1B42     1B42        4      804       0
                text21                             1B3E     1B3E        4      804       0
                text20                             1B3A     1B3A        4      804       0
                text19                             1B20     1B20       1A      804       0
                text18                             1B06     1B06       1A      804       0
                text17                             1AEC     1AEC       1A      804       0
                text16                             1AD2     1AD2       1A      804       0
                text15                             1B4C     1B4C        2      804       0
                text14                             1A6C     1A6C       36      804       0
                intcode_body                       1008     1008      2D6      804       0
                text12                             179A     179A       7A      804       0
                text11                             18F2     18F2       58      804       0
                text10                             19F2     19F2       3E      804       0
                text9                              155E     155E       A4      804       0
                text8                              19A0     19A0       52      804       0
                text7                              1B4A     1B4A        2      804       0
                text6                              12DE     12DE      144      804       0
                text5                              1422     1422      13C      804       0
                text4                              1886     1886       6C      804       0
                text3                              1718     1718       82      804       0
                text2                              1602     1602       92      804       0
                text1                              1814     1814       72      804       0
                text0                              1694     1694       84      804       0
                cstackCOMRAM                         68       68       14        1       1
                cstackBANK0                          B0       B0        2       80       1
                dataBANK0                            80       80       30       80       1
                dataCOMRAM                            1        1       3C        1       1
                bssCOMRAM                            3D       3D       2B        1       1
                cinit                              194A     194A       56      804       0
                idataBANK0                         1AA2     1AA2       30      804       0
                idataCOMRAM                        1A30     1A30       3C      804       0

TOTAL           Name                               Link     Load   Length     Space
        CLASS   CODE           
                intcode                               8        8        6         0
                init                                  E        E        4         0
                reset_vec                             0        0        4         0
                text23                             1B46     1B46        4         0
                text22                             1B42     1B42        4         0
                text21                             1B3E     1B3E        4         0
                text20                             1B3A     1B3A        4         0
                text19                             1B20     1B20       1A         0
                text18                             1B06     1B06       1A         0
                text17                             1AEC     1AEC       1A         0
                text16                             1AD2     1AD2       1A         0
                text15                             1B4C     1B4C        2         0
                text14                             1A6C     1A6C       36         0
                intcode_body                       1008     1008      2D6         0
                text12                             179A     179A       7A         0
                text11                             18F2     18F2       58         0
                text10                             19F2     19F2       3E         0
                text9                              155E     155E       A4         0
                text8                              19A0     19A0       52         0
                text7                              1B4A     1B4A        2         0
                text6                              12DE     12DE      144         0
                text5                              1422     1422      13C         0
                text4                              1886     1886       6C         0
                text3                              1718     1718       82         0
                text2                              1602     1602       92         0
                text1                              1814     1814       72         0
                text0                              1694     1694       84         0
                cinit                              194A     194A       56         0
                idataBANK0                         1AA2     1AA2       30         0
                idataCOMRAM                        1A30     1A30       3C         0

        CLASS   CONST          

        CLASS   SMALLCONST     
                smallconst                         1000     1000        8         0

        CLASS   MEDIUMCONST    

        CLASS   COMRAM         
                temp                                 7C       7C        1         1
                cstackCOMRAM                         68       68       14         1
                dataCOMRAM                            1        1       3C         1
                bssCOMRAM                            3D       3D       2B         1

        CLASS   ABS1           

        CLASS   BIGRAM         

        CLASS   RAM            

        CLASS   BANK0          
                cstackBANK0                          B0       B0        2         1
                dataBANK0                            80       80       30         1

        CLASS   BANK1          

        CLASS   BANK2          

        CLASS   BANK3          

        CLASS   BANK4          

        CLASS   BANK5          

        CLASS   BANK6          

        CLASS   BANK7          

        CLASS   BANK8          

        CLASS   BANK9          

        CLASS   BANK10         

        CLASS   BANK11         

        CLASS   BANK12         

        CLASS   BANK13         

        CLASS   BANK14         

        CLASS   BANK15         

        CLASS   SFR            

        CLASS   BIGSFR         

        CLASS   CONFIG         
                config                           300000   300000        E         4

        CLASS   IDLOC          

        CLASS   EEDATA         

        CLASS   FARRAM         

        CLASS   HEAP           

        CLASS   STACK          



SEGMENTS        Name                           Load    Length   Top    Selector   Space  Class

                reset_vec                      000000  000004  000004         0       0  CODE    
                dataCOMRAM                     000001  00007C  00007D         1       1  COMRAM  
                intcode                        000008  00000A  000012         4       0  CODE    
                dataBANK0                      000080  000032  0000B2        80       1  BANK0   
                smallconst                     001000  000008  001008       800       0  SMALLCON
                intcode_body                   001008  000B46  001B4E       804       0  CODE    


UNUSED ADDRESS RANGES

        Name                Unused          Largest block    Delta
        BANK0            0000B2-0000FF               4E
        BANK1            000100-0001FF              100
        BANK10           000A00-000AFF              100
        BANK11           000B00-000BFF              100
        BANK12           000C00-000CFF              100
        BANK13           000D00-000DFF              100
        BANK14           000E00-000EFF              100
        BANK15           000F00-000F7F               80
        BANK2            000200-0002FF              100
        BANK3            000300-0003FF              100
        BANK4            000400-0004FF              100
        BANK5            000500-0005FF              100
        BANK6            000600-0006FF              100
        BANK7            000700-0007FF              100
        BANK8            000800-0008FF              100
        BANK9            000900-0009FF              100
        BIGRAM           00007D-00007F                3
                         0000B2-000F7F              ECE
        BIGSFR           000F80-000FFF               80
        CODE             000004-000007                4
                         000012-000FFF              FEE
                         001B4E-00FFFF             E4B2
        COMRAM           00007D-00007F                3
        CONST            000004-000007                4
                         000012-000FFF              FEE
                         001B4E-00FFFF             E4B2
        EEDATA           F00000-F003FF              400
        IDLOC            200000-200007                8
        MEDIUMCONST      001B4E-00FFFF             E4B2
        RAM              0000B2-000F7F              100
        SFR              000F80-000FFF               80
        SMALLCONST       001B4E-00FFFF              100

                                  Symbol Table

RB4_ISR@source                          cstackCOMRAM 000068
RB5_ISR@source                          cstackCOMRAM 000068
RB6_ISR@source                          cstackCOMRAM 000068
RB7_ISR@source                          cstackCOMRAM 000068
Relay_Initialize@F3042                  bssCOMRAM    000061
Relay_Turn_OFF@F3052                    bssCOMRAM    00005F
Relay_Turn_ON@F3047                     bssCOMRAM    000060
Timer0_Init@ret                         cstackCOMRAM 000072
Timer0_Init@timer1                      cstackCOMRAM 00006E
Timer0_Mode_Select@timer1               cstackCOMRAM 00006B
Timer0_Prescaler_Config@timer1          cstackCOMRAM 00006B
Timer0_Read_Value@l_tmr0h               cstackCOMRAM 000073
Timer0_Read_Value@l_tmr0l               cstackCOMRAM 000072
Timer0_Read_Value@ret                   cstackCOMRAM 000071
Timer0_Read_Value@timer1                cstackCOMRAM 00006B
Timer0_Read_Value@value                 cstackCOMRAM 00006D
Timer0_Register_Size@timer1             cstackCOMRAM 00006B
_ADCON0bits                             (abs)        000FC2
_ADCON1bits                             (abs)        000FC1
_ADCON2bits                             (abs)        000FC0
_ADC_ISR                                text23       001B46
_ADC_Interrupt_Handular                 bssCOMRAM    00005D
_ADRESH                                 (abs)        000FC4
_ADRESL                                 (abs)        000FC3
_Counter1_obj                           dataCOMRAM   00002D
_EEADR                                  (abs)        000FA9
_EEADRH                                 (abs)        000FAA
_EECON1bits                             (abs)        000FA6
_EECON2                                 (abs)        000FA7
_EEDATA                                 (abs)        000FA8
_INT0_ISR                               text22       001B42
_INT0_Interrupt_Handular                bssCOMRAM    00005B
_INT1_ISR                               text21       001B3E
_INT1_Interrupt_Handular                bssCOMRAM    000059
_INT2_ISR                               text20       001B3A
_INT2_Interrupt_Handular                bssCOMRAM    000057
_INTCON2bits                            (abs)        000FF1
_INTCON3bits                            (abs)        000FF0
_INTCONbits                             (abs)        000FF2
_Interrupt_Manager                      intcode      000008
_LATA                                   (abs)        000F89
_LATB                                   (abs)        000F8A
_LATC                                   (abs)        000F8B
_LATD                                   (abs)        000F8C
_LATE                                   (abs)        000F8D
_PIE1bits                               (abs)        000F9D
_PIR1bits                               (abs)        000F9E
_PORTA                                  (abs)        000F80
_PORTB                                  (abs)        000F81
_PORTBbits                              (abs)        000F81
_PORTC                                  (abs)        000F82
_PORTD                                  (abs)        000F83
_PORTE                                  (abs)        000F84
_Push_Button_Counter                    bssCOMRAM    000066
_RB4_Flag                               dataCOMRAM   00002C
_RB4_ISR                                text19       001B20
_RB4_Interrupt_Handular_HIGH            bssCOMRAM    000055
_RB4_Interrupt_Handular_LOW             bssCOMRAM    000053
_RB5_Flag                               dataCOMRAM   00002B
_RB5_ISR                                text18       001B06
_RB5_Interrupt_Handular_HIGH            bssCOMRAM    000051
_RB5_Interrupt_Handular_LOW             bssCOMRAM    00004F
_RB6_Flag                               dataCOMRAM   00002A
_RB6_ISR                                text17       001AEC
_RB6_Interrupt_Handular_HIGH            bssCOMRAM    00004D
_RB6_Interrupt_Handular_LOW             bssCOMRAM    00004B
_RB7_Flag                               dataCOMRAM   000029
_RB7_ISR                                text16       001AD2
_RB7_Interrupt_Handular_HIGH            bssCOMRAM    000049
_RB7_Interrupt_Handular_LOW             bssCOMRAM    000047
_T0CONbits                              (abs)        000FD5
_TIMER0_ISR                             text14       001A6C
_TMR0H                                  (abs)        000FD7
_TMR0L                                  (abs)        000FD6
_TMR0_Interrupt_Hundeler                bssCOMRAM    000045
_TRISA                                  (abs)        000F92
_TRISB                                  (abs)        000F93
_TRISC                                  (abs)        000F94
_TRISD                                  (abs)        000F95
_TRISE                                  (abs)        000F96
_Timer0_Defualt_Hundeler                text15       001B4C
_Timer0_Init                            text9        00155E
_Timer0_Mode_Select                     text12       00179A
_Timer0_Prescaler_Config                text11       0018F2
_Timer0_Read_Value                      text8        0019A0
_Timer0_Register_Size                   text10       0019F2
__HRAM                                  (abs)        000000
__H__absolute__                         __absolute__ 000000
__Habs1                                 abs1         000000
__Hbank0                                bank0        000000
__Hbank1                                bank1        000000
__Hbank10                               bank10       000000
__Hbank11                               bank11       000000
__Hbank12                               bank12       000000
__Hbank13                               bank13       000000
__Hbank14                               bank14       000000
__Hbank15                               bank15       000000
__Hbank2                                bank2        000000
__Hbank3                                bank3        000000
__Hbank4                                bank4        000000
__Hbank5                                bank5        000000
__Hbank6                                bank6        000000
__Hbank7                                bank7        000000
__Hbank8                                bank8        000000
__Hbank9                                bank9        000000
__Hbigbss                               bigbss       000000
__Hbigdata                              bigdata      000000
__Hbigram                               bigram       000000
__Hbigsfr                               bigsfr       000000
__Hbss                                  bss          000000
__HbssCOMRAM                            bssCOMRAM    000000
__Hcinit                                cinit        000000
__Hclrtext                              clrtext      000000
__Hcomram                               comram       000000
__Hconfig                               config       30000E
__Hconst                                const        000000
__HcstackBANK0                          cstackBANK0  000000
__HcstackCOMRAM                         cstackCOMRAM 000000
__Hdata                                 data         000000
__HdataBANK0                            dataBANK0    000000
__HdataCOMRAM                           dataCOMRAM   000000
__Heeprom_data                          eeprom_data  000000
__Hfarbss                               farbss       000000
__Hfardata                              fardata      000000
__Hheap                                 heap         000000
__Hibigdata                             ibigdata     000000
__Hidata                                idata        000000
__HidataBANK0                           idataBANK0   000000
__HidataCOMRAM                          idataCOMRAM  000000
__Hidloc                                idloc        000000
__Hifardata                             ifardata     000000
__Hinit                                 init         000012
__Hintcode                              intcode      00000E
__Hintcode_body                         intcode_body 000000
__Hintcodelo                            intcodelo    00000E
__Hintentry                             intentry     000000
__Hintret                               intret       000000
__Hintsave_regs                         intsave_regs 000000
__Hirdata                               irdata       000000
__Hmediumconst                          mediumconst  000000
__HnvFARRAM                             nvFARRAM     000000
__Hnvbit                                nvbit        000000
__Hnvrram                               nvrram       000000
__Hparam                                rparam       000000
__Hpowerup                              powerup      00000E
__Hram                                  ram          000000
__Hramtop                               ramtop       001000
__Hrbit                                 rbit         000000
__Hrbss                                 rbss         000000
__Hrdata                                rdata        000000
__Hreset_vec                            reset_vec    000004
__Hrparam                               rparam       000000
__Hsfr                                  sfr          000000
__Hsmallconst                           smallconst   001008
__Hspace_0                              (abs)        001B4E
__Hspace_1                              (abs)        0000B2
__Hspace_2                              (abs)        000000
__Hspace_4                              (abs)        60000E
__Hstack                                stack        000000
__Hstruct                               struct       000000
__Htemp                                 temp         00007D
__Htext                                 text         000000
__Htext0                                text0        000000
__Htext1                                text1        000000
__Htext10                               text10       000000
__Htext11                               text11       000000
__Htext12                               text12       000000
__Htext14                               text14       000000
__Htext15                               text15       000000
__Htext16                               text16       000000
__Htext17                               text17       000000
__Htext18                               text18       000000
__Htext19                               text19       000000
__Htext2                                text2        000000
__Htext20                               text20       000000
__Htext21                               text21       000000
__Htext22                               text22       000000
__Htext23                               text23       000000
__Htext24                               text24       000000
__Htext3                                text3        000000
__Htext4                                text4        000000
__Htext5                                text5        000000
__Htext6                                text6        000000
__Htext7                                text7        000000
__Htext8                                text8        000000
__Htext9                                text9        000000
__LRAM                                  (abs)        000001
__L__absolute__                         __absolute__ 000000
__Labs1                                 abs1         000000
__Lbank0                                bank0        000000
__Lbank1                                bank1        000000
__Lbank10                               bank10       000000
__Lbank11                               bank11       000000
__Lbank12                               bank12       000000
__Lbank13                               bank13       000000
__Lbank14                               bank14       000000
__Lbank15                               bank15       000000
__Lbank2                                bank2        000000
__Lbank3                                bank3        000000
__Lbank4                                bank4        000000
__Lbank5                                bank5        000000
__Lbank6                                bank6        000000
__Lbank7                                bank7        000000
__Lbank8                                bank8        000000
__Lbank9                                bank9        000000
__Lbigbss                               bigbss       000000
__Lbigdata                              bigdata      000000
__Lbigram                               bigram       000000
__Lbigsfr                               bigsfr       000000
__Lbss                                  bss          000000
__LbssCOMRAM                            bssCOMRAM    000000
__Lcinit                                cinit        000000
__Lclrtext                              clrtext      000000
__Lcomram                               comram       000000
__Lconfig                               config       000000
__Lconst                                const        000000
__LcstackBANK0                          cstackBANK0  000000
__LcstackCOMRAM                         cstackCOMRAM 000000
__Ldata                                 data         000000
__LdataBANK0                            dataBANK0    000000
__LdataCOMRAM                           dataCOMRAM   000000
__Leeprom_data                          eeprom_data  000000
__Lfarbss                               farbss       000000
__Lfardata                              fardata      000000
__Lheap                                 heap         000000
__Libigdata                             ibigdata     000000
__Lidata                                idata        000000
__LidataBANK0                           idataBANK0   000000
__LidataCOMRAM                          idataCOMRAM  000000
__Lidloc                                idloc        000000
__Lifardata                             ifardata     000000
__Linit                                 init         00000E
__Lintcode                              intcode      000008
__Lintcode_body                         intcode_body 000000
__Lintcodelo                            intcodelo    00000E
__Lintentry                             intentry     000000
__Lintret                               intret       000000
__Lintsave_regs                         intsave_regs 000000
__Lirdata                               irdata       000000
__Lmediumconst                          mediumconst  000000
__LnvFARRAM                             nvFARRAM     000000
__Lnvbit                                nvbit        000000
__Lnvrram                               nvrram       000000
__Lparam                                rparam       000000
__Lpowerup                              powerup      00000E
__Lram                                  ram          000000
__Lramtop                               ramtop       001000
__Lrbit                                 rbit         000000
__Lrbss                                 rbss         000000
__Lrdata                                rdata        000000
__Lreset_vec                            reset_vec    000000
__Lrparam                               rparam       000000
__Lsfr                                  sfr          000000
__Lsmallconst                           smallconst   001000
__Lspace_0                              (abs)        000000
__Lspace_1                              (abs)        000000
__Lspace_2                              (abs)        000000
__Lspace_4                              (abs)        000000
__Lstack                                stack        000000
__Lstruct                               struct       000000
__Ltemp                                 temp         00007C
__Ltext                                 text         000000
__Ltext0                                text0        000000
__Ltext1                                text1        000000
__Ltext10                               text10       000000
__Ltext11                               text11       000000
__Ltext12                               text12       000000
__Ltext14                               text14       000000
__Ltext15                               text15       000000
__Ltext16                               text16       000000
__Ltext17                               text17       000000
__Ltext18                               text18       000000
__Ltext19                               text19       000000
__Ltext2                                text2        000000
__Ltext20                               text20       000000
__Ltext21                               text21       000000
__Ltext22                               text22       000000
__Ltext23                               text23       000000
__Ltext24                               text24       000000
__Ltext3                                text3        000000
__Ltext4                                text4        000000
__Ltext5                                text5        000000
__Ltext6                                text6        000000
__Ltext7                                text7        000000
__Ltext8                                text8        000000
__Ltext9                                text9        000000
__S0                                    (abs)        001B4E
__S1                                    (abs)        0000B2
__S4                                    (abs)        000000
__S5                                    (abs)        000000
___heap_hi                              (abs)        000000
___heap_lo                              (abs)        000000
___inthi_sp                             stack        000000
___intlo_sp                             stack        000000
___param_bank                           (abs)        000000
___rparam_used                          (abs)        000001
___sp                                   stack        000000
__accesstop                             (abs)        000080
__activetblptr                          (abs)        000003
__end_of_ADC_ISR                        text23       001B4A
__end_of_INT0_ISR                       text22       001B46
__end_of_INT1_ISR                       text21       001B42
__end_of_INT2_ISR                       text20       001B3E
__end_of_Interrupt_Manager              intcode_body 0012DE
__end_of_RB4_ISR                        text19       001B3A
__end_of_RB5_ISR                        text18       001B20
__end_of_RB6_ISR                        text17       001B06
__end_of_RB7_ISR                        text16       001AEC
__end_of_TIMER0_ISR                     text14       001AA2
__end_of_Timer0_Defualt_Hundeler        text15       001B4E
__end_of_Timer0_Init                    text9        001602
__end_of_Timer0_Mode_Select             text12       001814
__end_of_Timer0_Prescaler_Config        text11       00194A
__end_of_Timer0_Read_Value              text8        0019F2
__end_of_Timer0_Register_Size           text10       001A30
__end_of__initialization                cinit        001996
__end_of_application_initialize         text7        001B4C
__end_of_gpio_pin_direction_intialize   text6        001422
__end_of_gpio_pin_intialize             text4        0018F2
__end_of_gpio_pin_toggle_logic          text2        001694
__end_of_gpio_pin_write_logic           text5        00155E
__end_of_led_initialize                 text3        00179A
__end_of_led_toggle                     text1        001886
__end_of_main                           text0        001718
__initialization                        cinit        00194A
__mediumconst                           mediumconst  000000
__pbssCOMRAM                            bssCOMRAM    00003D
__pcinit                                cinit        00194A
__pcstackBANK0                          cstackBANK0  0000B0
__pcstackCOMRAM                         cstackCOMRAM 000068
__pdataBANK0                            dataBANK0    000080
__pdataCOMRAM                           dataCOMRAM   000001
__pidataBANK0                           idataBANK0   001AA2
__pidataCOMRAM                          idataCOMRAM  001A30
__pintcode                              intcode      000008
__pintcode_body                         intcode_body 001008
__psmallconst                           smallconst   001000
__ptext0                                text0        001694
__ptext1                                text1        001814
__ptext10                               text10       0019F2
__ptext11                               text11       0018F2
__ptext12                               text12       00179A
__ptext14                               text14       001A6C
__ptext15                               text15       001B4C
__ptext16                               text16       001AD2
__ptext17                               text17       001AEC
__ptext18                               text18       001B06
__ptext19                               text19       001B20
__ptext2                                text2        001602
__ptext20                               text20       001B3A
__ptext21                               text21       001B3E
__ptext22                               text22       001B42
__ptext23                               text23       001B46
__ptext24                               text24       000000
__ptext3                                text3        001718
__ptext4                                text4        001886
__ptext5                                text5        001422
__ptext6                                text6        0012DE
__ptext7                                text7        001B4A
__ptext8                                text8        0019A0
__ptext9                                text9        00155E
__ramtop                                ramtop       001000
__smallconst                            smallconst   001000
_application_initialize                 text7        001B4A
_gpio_pin_direction_intialize           text6        0012DE
_gpio_pin_intialize                     text4        001886
_gpio_pin_toggle_logic                  text2        001602
_gpio_pin_write_logic                   text5        001422
_keypad_btn_values                      dataBANK0    000080
_lat_registers                          dataCOMRAM   00000B
_lcd_1                                  dataCOMRAM   000035
_lcd_2                                  dataCOMRAM   00001F
_led1                                   dataCOMRAM   00003C
_led2                                   dataCOMRAM   00003B
_led_initialize                         text3        001718
_led_toggle                             text1        001814
_main                                   text0        001694
_port_registers                         dataCOMRAM   000001
_timer0_preload                         bssCOMRAM    000043
_tris_registers                         dataCOMRAM   000015
btemp                                   temp         00007C
end_of_initialization                   cinit        001996
gpio_pin_direction_intialize@pin_config cstackCOMRAM 00006B
gpio_pin_direction_intialize@ret        cstackCOMRAM 000073
gpio_pin_intialize@pin_config           cstackCOMRAM 000075
gpio_pin_intialize@ret                  cstackCOMRAM 000078
gpio_pin_toggle_logic@pin_config        cstackCOMRAM 00006B
gpio_pin_write_logic@logic              cstackCOMRAM 00006D
gpio_pin_write_logic@pin_config         cstackCOMRAM 00006B
gpio_pin_write_logic@ret                cstackCOMRAM 000074
int$flags                               temp         00007C
int_func                                intcode_body 001008
intlevel0                               text         000000
intlevel1                               text         000000
intlevel2                               text         000000
intlevel3                               text         000000
isa$std                                 (abs)        000001
isa$xinst                               (abs)        000000
led_initialize@F3048                    bssCOMRAM    000065
led_initialize@led                      cstackCOMRAM 000079
led_initialize@pin_obj                  cstackBANK0  0000B1
led_initialize@ret                      cstackBANK0  0000B0
led_toggle@F3063                        bssCOMRAM    000062
led_toggle@led                          cstackCOMRAM 000072
led_toggle@pin_obj                      cstackCOMRAM 000075
led_turn_off@F3058                      bssCOMRAM    000063
led_turn_on@F3053                       bssCOMRAM    000064
stackhi                                 (abs)        000000
stacklo                                 (abs)        000000
start                                   init         00000E
start_initialization                    cinit        00194A
ttemp5                                  temp         00007D
ttemp6                                  temp         000080
ttemp7                                  temp         000084
wtemp8                                  temp         00007D


MODULE INFORMATION

Module		Function		Class		Link	Load	Size
MCAL_Layer/interrupt/mcal_external_interrupt.c
		_RB4_ISR       		CODE           	1B20	0000	26
		_RB5_ISR       		CODE           	1B06	0000	26
		_RB6_ISR       		CODE           	1AEC	0000	26
		_RB7_ISR       		CODE           	1AD2	0000	26
		_INT0_ISR      		CODE           	1B42	0000	4
		_INT1_ISR      		CODE           	1B3E	0000	4
		_INT2_ISR      		CODE           	1B3A	0000	4

MCAL_Layer/interrupt/mcal_external_interrupt.c estimated size: 116

MCAL_Layer/Timer/hal_Timer0.c
		_Timer0_Init   		CODE           	155E	0000	164
		_Timer0_Register_Size		CODE           	19F2	0000	62
		_Timer0_Read_Value		CODE           	19A0	0000	82
		_Timer0_Prescaler_Config		CODE           	18F2	0000	88
		_Timer0_Mode_Select		CODE           	179A	0000	122
		_TIMER0_ISR    		CODE           	1A6C	0000	54

MCAL_Layer/Timer/hal_Timer0.c estimated size: 572

shared
		__initialization		CODE           	194A	0000	76

shared estimated size: 76

MCAL_Layer/ADC/hal_adc.c
		_ADC_ISR       		CODE           	1B46	0000	4

MCAL_Layer/ADC/hal_adc.c estimated size: 4

MCAL_Layer/GPIO/hal_gpio.c
		_gpio_pin_write_logic		CODE           	1422	0000	316
		_gpio_pin_intialize		CODE           	1886	0000	108
		_gpio_pin_direction_intialize		CODE           	12DE	0000	324
		_gpio_pin_toggle_logic		CODE           	1602	0000	146

MCAL_Layer/GPIO/hal_gpio.c estimated size: 894

ECU_Layer/LED/ecu_led.c
		_led_initialize		CODE           	1718	0000	130
		_led_toggle    		CODE           	1814	0000	114

ECU_Layer/LED/ecu_led.c estimated size: 244

application.c
		_application_initialize		CODE           	1B4A	0000	2
		_main          		CODE           	1694	0000	132
		_Timer0_Defualt_Hundeler		CODE           	1B4C	0000	2

application.c estimated size: 136

MCAL_Layer/interrupt/mcal_interrupt_manager.c
		_Interrupt_Manager		CODE           	0008	0000	732

MCAL_Layer/interrupt/mcal_interrupt_manager.c estimated size: 732

